roses are red
violets are blue
I love Nachos
and so do you
roses are red
violets are blue
I love Nachos
and so do you
roses are red
violets are blue
I love Nachos
and so do you
roses are red
violets are blue
I love Nachos
and so do you
roses are red
violets are blue
I love Nachos
and so do you
roses are red
violets are blue
I love Nachos
and so do you
roses are red
violets are blue
I love Nachos
and so do you
roses are red
violets are blue
I love Nachos
and so do you
roses are red
violets are blue
I love Nachos
and so do you
roses are red
violets are blue
I love Nachos
and so do you
roses are red
violets are blue
I love Nachos
and so do you
roses are red
violets are blue
I love Nachos
and so do you
roses are red
violets are blue
I love Nachos
and so do you
roses are red
violets are blue
I love Nachos
and so do you
roses are red
violets are blue
I love Nachos
and so do you
roses are red
violets are blue
I love Nachos
and so do you
roses are red
violets are blue
I love Nachos
and so do you
roses are red
violets are blue
I love Nachos
and so do you
roses are red
violets are blue
I love Nachos
and so do you
roses are red
violets are blue
I love Nachos
and so do you
roses are red
violets are blue
I love Nachos
and so do you
roses are red
violets are blue
I love Nachos
and so do you
roses are red
violets are blue
I love Nachos
and so do you
roses are red
violets are blue
I love Nachos
and so do you
roses are red
violets are blue
I love Nachos
and so do you
roses are red
violets are blue
I love Nachos
and so do you
roses are red
violets are blue
I love Nachos
and so do you
roses are red
violets are blue
I love Nachos
and so do you
roses are red
violets are blue
I love Nachos
and so do you
roses are red
violets are blue
I love Nachos
and so do you
roses are red
violets are blue
I love Nachos
and so do you
roses are red
violets are blue
I love Nachos
and so do you
roses are red
violets are blue
I love Nachos
and so do you
roses are red
violets are blue
I love Nachos
and so do you
roses are red
violets are blue
I love Nachos
and so do you
roses are red
violets are blue
I love Nachos
and so do you
roses are red
violets are blue
I love Nachos
and so do you
roses are red
violets are blue
I love Nachos
and so do you
roses are red
violets are blue
I love Nachos
and so do you
roses are red
violets are blue
I love Nachos
and so do you
roses are red
violets are blue
I love Nachos
and so do you
roses are red
violets are blue
I love Nachos
and so do you
roses are red
violets are blue
I love Nachos
and so do you
roses are red
violets are blue
I love Nachos
and so do you
roses are red
violets are blue
I love Nachos
and so do you
roses are red
violets are blue
I love Nachos
and so do you
roses are red
violets are blue
I love Nachos
and so do you
roses are red
violets are blue
I love Nachos
and so do you
roses are red
violets are blue
I love Nachos
and so do you
roses are red
violets are blue
I love Nachos
and so do you
roses are red
violets are blue
I love Nachos
and so do you
roses are red
violets are blue
I love Nachos
and so do you
roses are red
violets are blue
I love Nachos
and so do you
roses are red
violets are blue
I love Nachos
and so do you
roses are red
violets are blue
I love Nachos
and so do you
roses are red
violets are blue
I love Nachos
and so do you
roses are red
violets are blue
I love Nachos
and so do you
roses are red
violets are blue
I love Nachos
and so do you
roses are red
violets are blue
I love Nachos
and so do you
roses are red
violets are blue
I love Nachos
and so do you
roses are red
violets are blue
I love Nachos
and so do you
roses are red
violets are blue
I love Nachos
and so do you
roses are red
violets are blue
I love Nachos
and so do you
roses are red
violets are blue
I love Nachos
and so do you
roses are red
violets are blue
I love Nachos
and so do you
roses are red
violets are blue
I love Nachos
and so do you
roses are red
violets are blue
I love Nachos
and so do you
roses are red
violets are blue
I love Nachos
and so do you
roses are red
violets are blue
I love Nachos
and so do you
roses are red
violets are blue
I love Nachos
and so do you
roses are red
violets are blue
I love Nachos
and so do you
roses are red
violets are blue
I love Nachos
and so do you
roses are red
violets are blue
I love Nachos
and so do you
roses are red
violets are blue
I love Nachos
and so do you
roses are red
violets are blue
I love Nachos
and so do you
roses are red
violets are blue
I love Nachos
and so do you
roses are red
violets are blue
I love Nachos
and so do you
roses are red
violets are blue
I love Nachos
and so do you
roses are red
violets are blue
I love Nachos
and so do you
roses are red
violets are blue
I love Nachos
and so do you
roses are red
violets are blue
I love Nachos
and so do you
roses are red
violets are blue
I love Nachos
and so do you
roses are red
violets are blue
I love Nachos
and so do you
roses are red
violets are blue
I love Nachos
and so do you
roses are red
violets are blue
I love Nachos
and so do you
roses are red
violets are blue
I love Nachos
and so do you
roses are red
violets are blue
I love Nachos
and so do you
roses are red
violets are blue
I love Nachos
and so do you
roses are red
violets are blue
I love Nachos
and so do you
roses are red
violets are blue
I love Nachos
and so do you
roses are red
violets are blue
I love Nachos
and so do you
roses are red
violets are blue
I love Nachos
and so do you
roses are red
violets are blue
I love Nachos
and so do you
roses are red
violets are blue
I love Nachos
and so do you
roses are red
violets are blue
I love Nachos
and so do you
roses are red
violets are blue
I love Nachos
and so do you
roses are red
viroses arolets are red
vie blue
Iroses arolets ar love Nae red
vie blue
Ichos
andolets ar love Na so do ye blue
Ichos
andou
 love Na so do ychos
andou
 so do you
rorsoerssoe ssae rsaer er erde
dviolets are blue
I love Nachos
and so do you
u
u
roses are red
violets are blue
I love Nachos
and so do you
roses are red
violets are blue
I love Nachos
and so do you
roses are red
violets are blue
I love Nachos
and so do you
roses are red
violets arroses are blue
Ie red
vi love Naolets archos
ande blue
I love Nachos
and so do you
 do you
rorroses are red
violets are blue
I love Nachos
and so do you
roses are red
violets are blue
I love Nachos
and so do you
roses are red
violets are blue
I love Nachos
and so do you
roses are red
violets are blue
I love Nachos
and so do you
roses are red
violets are blue
Iroses ar love Nae red
vichos
andolets ar so do ye blue
I love Nachos
and so do you
rosreoss easr eare red
violets are blue
I love Nachos
and so do you
